{
    "id": @integer@,
    "title": "Read Email",
    "status": "new",
    "description": "Make sure that i always read my emails",
    "created_at": "2014-01-25T00:00:00+0000",
    "updated_at": "2014-01-25T00:00:00+0000"
}